[0.  2.  2.5 3.  0.  0.  0.  1.  2.  3.  7.  8.  9.  0.  0.  0.  0.  0.
 0.  0.  0.  0. ]
